ready
motion 2397 700
motion 2364 700
motion 2316 700
motion 2268 700
motion 2219 700
motion 2171 700
motion 2122 700
motion 2074 700
motion 2025 700
motion 1977 700
motion 1929 700
motion 1881 700
motion 1833 700
motion 1784 700
motion 1736 700
motion 1688 700
motion 1640 700
motion 1591 700
motion 1543 700
motion 1495 700
motion 2433 702
click 3369 702
motion 2401 700
motion 2368 700
motion 2319 700
motion 2271 700
motion 2222 700
motion 2174 700
motion 2125 700
motion 2077 700
motion 2028 700
motion 1980 700
motion 1932 700
motion 1883 700
motion 1835 700
motion 1786 700
motion 1738 700
motion 1690 700
motion 1641 700
motion 1594 700
motion 1545 700
motion 1496 700
click 1496 700
