idle CPU: 0.1667 % einer Kerns ueber 60.0 s (10 Ticks)
{
  "clk_tck": 100,
  "duration_s": 60,
  "pidstat_available": false,
  "pidstat_note": "sysstat/pidstat auf dieser Maschine nicht installiert; extern gemessen ueber /proc/<pid>/stat und top -b",
  "pid": 104485,
  "gpu_libs": [],
  "memfd_mappings": 1,
  "dri_fds": [],
  "memfd_fds": [
    "/memfd:smithay-client-toolkit (deleted)"
  ],
  "buffer_type": "shm",
  "ticks_delta": 10,
  "elapsed_s": 60.0,
  "idle_cpu_pct": 0.1667,
  "top_max_pct": 1.0,
  "top_mean_pct": 0.1639,
  "still_alive": true
}
